// Vitest Snapshot v1, https://vitest.dev/guide/snapshot.html

exports[`Seats > should correspond default layout 1`] = `
<div>
  <div
    class="_seats_ba4be0"
  >
    <div
      class="_seatsRow_ba4be0"
    >
      <button
        class="_seat_aa3898"
        type="button"
      />
      <button
        class="_seat_aa3898"
        type="button"
      />
      <button
        class="_seat_aa3898"
        type="button"
      />
      <button
        class="_seat_aa3898"
        type="button"
      />
      <button
        class="_seat_aa3898"
        type="button"
      />
      <button
        class="_seat_aa3898"
        type="button"
      />
      <button
        class="_seat_aa3898"
        type="button"
      />
      <button
        class="_seat_aa3898"
        type="button"
      />
      <button
        class="_seat_aa3898"
        type="button"
      />
      <button
        class="_seat_aa3898"
        type="button"
      />
      <button
        class="_seat_aa3898 _occupied_aa3898"
        disabled=""
        type="button"
      />
      <button
        class="_seat_aa3898 _occupied_aa3898"
        disabled=""
        type="button"
      />
      <button
        class="_seat_aa3898"
        type="button"
      />
      <button
        class="_seat_aa3898"
        type="button"
      />
    </div>
    <div
      class="_seatsRow_ba4be0"
    >
      <button
        class="_seat_aa3898"
        type="button"
      />
      <button
        class="_seat_aa3898"
        type="button"
      />
      <button
        class="_seat_aa3898"
        type="button"
      />
      <button
        class="_seat_aa3898"
        type="button"
      />
      <button
        class="_seat_aa3898"
        type="button"
      />
      <button
        class="_seat_aa3898"
        type="button"
      />
      <button
        class="_seat_aa3898"
        type="button"
      />
      <button
        class="_seat_aa3898"
        type="button"
      />
      <button
        class="_seat_aa3898"
        type="button"
      />
      <button
        class="_seat_aa3898"
        type="button"
      />
      <button
        class="_seat_aa3898"
        type="button"
      />
      <button
        class="_seat_aa3898"
        type="button"
      />
      <button
        class="_seat_aa3898"
        type="button"
      />
      <button
        class="_seat_aa3898"
        type="button"
      />
    </div>
    <div
      class="_seatsRow_ba4be0"
    >
      <button
        class="_seat_aa3898"
        type="button"
      />
      <button
        class="_seat_aa3898"
        type="button"
      />
      <button
        class="_seat_aa3898"
        type="button"
      />
      <button
        class="_seat_aa3898"
        type="button"
      />
      <button
        class="_seat_aa3898"
        type="button"
      />
      <button
        class="_seat_aa3898 _occupied_aa3898"
        disabled=""
        type="button"
      />
      <button
        class="_seat_aa3898 _occupied_aa3898"
        disabled=""
        type="button"
      />
      <button
        class="_seat_aa3898"
        type="button"
      />
      <button
        class="_seat_aa3898"
        type="button"
      />
      <button
        class="_seat_aa3898"
        type="button"
      />
      <button
        class="_seat_aa3898"
        type="button"
      />
      <button
        class="_seat_aa3898"
        type="button"
      />
      <button
        class="_seat_aa3898"
        type="button"
      />
      <button
        class="_seat_aa3898"
        type="button"
      />
    </div>
    <div
      class="_seatsRow_ba4be0"
    >
      <button
        class="_seat_aa3898 _occupied_aa3898"
        disabled=""
        type="button"
      />
      <button
        class="_seat_aa3898"
        type="button"
      />
      <button
        class="_seat_aa3898"
        type="button"
      />
      <button
        class="_seat_aa3898"
        type="button"
      />
      <button
        class="_seat_aa3898"
        type="button"
      />
      <button
        class="_seat_aa3898"
        type="button"
      />
      <button
        class="_seat_aa3898"
        type="button"
      />
      <button
        class="_seat_aa3898"
        type="button"
      />
      <button
        class="_seat_aa3898"
        type="button"
      />
      <button
        class="_seat_aa3898"
        type="button"
      />
      <button
        class="_seat_aa3898"
        type="button"
      />
      <button
        class="_seat_aa3898"
        type="button"
      />
      <button
        class="_seat_aa3898"
        type="button"
      />
      <button
        class="_seat_aa3898"
        type="button"
      />
    </div>
    <div
      class="_seatsRow_ba4be0"
    >
      <button
        class="_seat_aa3898"
        type="button"
      />
      <button
        class="_seat_aa3898"
        type="button"
      />
      <button
        class="_seat_aa3898"
        type="button"
      />
      <button
        class="_seat_aa3898"
        type="button"
      />
      <button
        class="_seat_aa3898 _occupied_aa3898"
        disabled=""
        type="button"
      />
      <button
        class="_seat_aa3898"
        type="button"
      />
      <button
        class="_seat_aa3898"
        type="button"
      />
      <button
        class="_seat_aa3898"
        type="button"
      />
      <button
        class="_seat_aa3898"
        type="button"
      />
      <button
        class="_seat_aa3898"
        type="button"
      />
      <button
        class="_seat_aa3898"
        type="button"
      />
      <button
        class="_seat_aa3898"
        type="button"
      />
      <button
        class="_seat_aa3898"
        type="button"
      />
      <button
        class="_seat_aa3898"
        type="button"
      />
    </div>
  </div>
</div>
`;
