// Vitest Snapshot v1, https://vitest.dev/guide/snapshot.html

exports[`MoviePicker > should correspond default layout 1`] = `
<div>
  <div
    class="_moviePicker_b8b8f9"
  >
    <label
      for="movie"
    >
      Pick aÂ movie:
    </label>
    <select
      id="movie"
    >
      <option
        value="Avengers: Endgame"
      >
        Avengers: Endgame
         ($
        10
        )
      </option>
      <option
        value="Joker"
      >
        Joker
         ($
        12
        )
      </option>
      <option
        value="Toy Story 4"
      >
        Toy Story 4
         ($
        8
        )
      </option>
      <option
        value="The Lion King"
      >
        The Lion King
         ($
        9
        )
      </option>
      <option
        value="Matrix"
      >
        Matrix
         ($
        1
        )
      </option>
    </select>
  </div>
</div>
`;
