// Vitest Snapshot v1, https://vitest.dev/guide/snapshot.html

exports[`Info > should correspond default layout 1`] = `
<div>
  <p
    class="_info_7377e4"
  >
    You have selected 
    <span>
      0
    </span>
     seats for a price of
    <span>
       $
      0
    </span>
  </p>
</div>
`;
